../Core/Src/main.c:76:5:_write	24	static
../Core/Src/main.c:85:6:print_hex	32	static
../Core/Src/main.c:93:6:print_masked_hex	32	static
../Core/Src/main.c:104:6:print_u64	40	static
../Core/Src/main.c:115:10:recombine	40	static
../Core/Src/main.c:122:6:run_masked_keccak_round_test	848	static
../Core/Src/main.c:146:5:main	192	static
../Core/Src/main.c:257:6:SystemClock_Config	88	static
../Core/Src/main.c:303:13:MX_I2C1_Init	8	static
../Core/Src/main.c:337:13:MX_I2S3_Init	8	static
../Core/Src/main.c:371:13:MX_RNG_Init	8	static
../Core/Src/main.c:397:13:MX_SPI1_Init	8	static
../Core/Src/main.c:435:13:MX_USART2_UART_Init	8	static
../Core/Src/main.c:468:13:MX_GPIO_Init	56	static
../Core/Src/main.c:569:6:Error_Handler	4	static,ignoring_inline_asm
