../Core/Src/main.c:77:5:_write	24	static
../Core/Src/main.c:86:6:print_hex	32	static
../Core/Src/main.c:94:6:print_masked_hex	32	static
../Core/Src/main.c:105:6:print_u64	40	static
../Core/Src/main.c:115:6:fill_masked_state	64	static
../Core/Src/main.c:129:6:fill_masked_state_arithmetic	56	static
../Core/Src/main.c:146:6:recombine_masked_state	48	static
../Core/Src/main.c:156:6:recombine_masked_state_arithmetic	48	static
../Core/Src/main.c:166:6:print_diff	64	static
../Core/Src/main.c:184:6:test_masked_vs_reference_step_by_step	5432	static
../Core/Src/main.c:248:6:test_masked_vs_reference_step_by_step_arithmetic	5432	static
../Core/Src/main.c:305:13:masked_round	4048	static
../Core/Src/main.c:326:13:reference_round	16	static
../Core/Src/main.c:336:6:test_full_keccak_rounds	4456	static
../Core/Src/main.c:380:6:test_masked_keccak_round_arithmetic_vs_reference	1464	static
../Core/Src/main.c:407:6:test_masked_keccak_round_vs_reference	1464	static
../Core/Src/main.c:436:6:test_masked_vs_reference_sha3_256	88	static
../Core/Src/main.c:460:6:test_masked_vs_reference_sha3_512	152	static
../Core/Src/main.c:485:6:boolean_mask	56	static
../Core/Src/main.c:494:6:refresh_xor_partial	72	static
../Core/Src/main.c:505:6:refresh_xor	120	static
../Core/Src/main.c:537:6:test_refresh_xor	80	static
../Core/Src/main.c:559:6:SecAddModp	80	static
../Core/Src/main.c:579:6:test_sec_add_modp	160	static
../Core/Src/main.c:597:6:test_boolean_mask	80	static
../Core/Src/main.c:609:6:SecA2Bq_debug	112	static
../Core/Src/main.c:634:6:test_SecA2Bq	168	static
../Core/Src/main.c:664:6:SecB2Aq	96	static
../Core/Src/main.c:686:6:test_SecB2Aq	144	static
../Core/Src/main.c:717:6:test_roundtrip	200	static
../Core/Src/main.c:754:5:main	16	static
../Core/Src/main.c:845:6:SystemClock_Config	88	static
../Core/Src/main.c:891:13:MX_I2C1_Init	8	static
../Core/Src/main.c:925:13:MX_I2S3_Init	8	static
../Core/Src/main.c:959:13:MX_RNG_Init	8	static
../Core/Src/main.c:985:13:MX_SPI1_Init	8	static
../Core/Src/main.c:1023:13:MX_USART2_UART_Init	8	static
../Core/Src/main.c:1056:13:MX_GPIO_Init	56	static
../Core/Src/main.c:1157:6:Error_Handler	4	static,ignoring_inline_asm
