../Core/Src/masked_keccak.c:103:6:masked_value_set	72	static
../Core/Src/masked_keccak.c:140:6:masked_shake128_squeezeblocks	80	static
../Core/Src/masked_keccak.c:162:13:store64	40	static
../Core/Src/masked_keccak.c:169:6:unmasked_shake128_squeezeblocks	32	static
../Core/Src/masked_keccak.c:197:6:masked_absorb	360	static
../Core/Src/masked_keccak.c:272:17:load64	48	static
../Core/Src/masked_keccak.c:283:6:unmasked_absorb	96	static
../Core/Src/masked_keccak.c:316:6:masked_squeeze	80	static
../Core/Src/masked_keccak.c:354:6:masked_theta	416	static
../Core/Src/masked_keccak.c:394:6:masked_rho	136	static
../Core/Src/masked_keccak.c:437:6:masked_pi	848	static
../Core/Src/masked_keccak.c:457:6:masked_chi	112	static
../Core/Src/masked_keccak.c:488:6:masked_iota	80	static
../Core/Src/masked_keccak.c:512:6:print_recombined_state	64	static
../Core/Src/masked_keccak.c:527:6:masked_keccak_round	4048	static
../Core/Src/masked_keccak.c:573:6:masked_keccak_f1600	24	static
../Core/Src/masked_keccak.c:580:6:masked_theta_arithmetic	1000	static
../Core/Src/masked_keccak.c:671:6:masked_rho_arithmetic	64	static
../Core/Src/masked_keccak.c:682:6:masked_pi_arithmetic	848	static
../Core/Src/masked_keccak.c:696:6:masked_chi_arithmetic	112	static
../Core/Src/masked_keccak.c:712:6:masked_iota_arithmetic	80	static
../Core/Src/masked_keccak.c:726:6:masked_keccak_round_arithmetic	4048	static
../Core/Src/masked_keccak.c:745:6:masked_keccak_f1600_arithmetic	24	static
../Core/Src/masked_keccak.c:752:6:masked_absorb_arithmetic	24	static
../Core/Src/masked_keccak.c:756:6:masked_squeeze_arithmetic	24	static
../Core/Src/masked_keccak.c:761:6:print_recombined_state_arithmetic	16	static
../Core/Src/masked_keccak.c:765:6:masked_value_set_arithmetic	24	static
